
> ai-resume-maker@0.1.0 build
> next build

Γû▓ Next.js 16.1.6 (Turbopack)

  Creating an optimized production build ...
node.exe : 
At line:1 char:1
+ & "C:\Program 
Files\nodejs/node.exe" 
"C:\Users\UMANG\AppData
\Roaming\ ...
+ ~~~~~~~~~~~~~~~~~~~~~
~~~~~~~~~~~~~~~~~~~~~~~
~~~~~~~~~~~~~~~~~~~~~~~
~~
    + CategoryInfo     
         : NotSpecifi  
  ed: (:String) [],    
 RemoteException
    + FullyQualifiedEr 
   rorId : NativeComm  
  andError
 
> Build error occurred
Error: Turbopack build 
failed with 1 errors:
./src/app/globals.css:1
3:8
Parsing CSS source 
code failed
[0m [90m 11 |[39m }
 [90m 12 |[39m
[31m[1m>[22m[39m[9
0m 13 |[39m [33m@[39
m[36mimport[39m url(
[32m'https://fonts.goog
leapis.com/css2?family=
Inter:wght@300;400;500;
600;700&family=Outfit:w
ght@300;400;600;800&dis
play=swap'[39m)[33m;
[39m
 [90m    |[39m       
 [31m[1m^[22m[39m
 [90m 14 |[39m
 [90m 15 |[39m 
[33m:[39mroot {
 [90m 16 |[39m   
[90m/* Color Palette 
- Premium Dark Mode by 
default */[39m[0m

@import rules must 
precede all rules 
aside from @charset 
and @layer statements

Import trace:
  Client Component 
Browser:
    
./src/app/globals.css 
[Client Component 
Browser]
    
./src/app/layout.tsx 
[Server Component]


    at <unknown> (./src
/app/globals.css:13:8)
